Archive member included to satisfy reference by file (symbol)

c:/st/stm32cubeide_1.4.0/stm32cubeide/plugins/com.st.stm32cube.ide.mcu.externaltools.gnu-tools-for-stm32.9-2020-q2-update.win32_1.5.0.202011040924/tools/bin/../lib/gcc/arm-none-eabi/9.3.1/../../../../arm-none-eabi/lib/thumb/v7e-m+fp/hard\libc_nano.a(lib_a-errno.o)
                              Core/Src/syscalls.o (__errno)
c:/st/stm32cubeide_1.4.0/stm32cubeide/plugins/com.st.stm32cube.ide.mcu.externaltools.gnu-tools-for-stm32.9-2020-q2-update.win32_1.5.0.202011040924/tools/bin/../lib/gcc/arm-none-eabi/9.3.1/../../../../arm-none-eabi/lib/thumb/v7e-m+fp/hard\libc_nano.a(lib_a-exit.o)
                              c:/st/stm32cubeide_1.4.0/stm32cubeide/plugins/com.st.stm32cube.ide.mcu.externaltools.gnu-tools-for-stm32.9-2020-q2-update.win32_1.5.0.202011040924/tools/bin/../lib/gcc/arm-none-eabi/9.3.1/../../../../arm-none-eabi/lib/thumb/v7e-m+fp/hard/crt0.o (exit)
c:/st/stm32cubeide_1.4.0/stm32cubeide/plugins/com.st.stm32cube.ide.mcu.externaltools.gnu-tools-for-stm32.9-2020-q2-update.win32_1.5.0.202011040924/tools/bin/../lib/gcc/arm-none-eabi/9.3.1/../../../../arm-none-eabi/lib/thumb/v7e-m+fp/hard\libc_nano.a(lib_a-impure.o)
                              c:/st/stm32cubeide_1.4.0/stm32cubeide/plugins/com.st.stm32cube.ide.mcu.externaltools.gnu-tools-for-stm32.9-2020-q2-update.win32_1.5.0.202011040924/tools/bin/../lib/gcc/arm-none-eabi/9.3.1/../../../../arm-none-eabi/lib/thumb/v7e-m+fp/hard\libc_nano.a(lib_a-exit.o) (_global_impure_ptr)
c:/st/stm32cubeide_1.4.0/stm32cubeide/plugins/com.st.stm32cube.ide.mcu.externaltools.gnu-tools-for-stm32.9-2020-q2-update.win32_1.5.0.202011040924/tools/bin/../lib/gcc/arm-none-eabi/9.3.1/../../../../arm-none-eabi/lib/thumb/v7e-m+fp/hard\libc_nano.a(lib_a-init.o)
                              c:/st/stm32cubeide_1.4.0/stm32cubeide/plugins/com.st.stm32cube.ide.mcu.externaltools.gnu-tools-for-stm32.9-2020-q2-update.win32_1.5.0.202011040924/tools/bin/../lib/gcc/arm-none-eabi/9.3.1/../../../../arm-none-eabi/lib/thumb/v7e-m+fp/hard/crt0.o (__libc_init_array)
c:/st/stm32cubeide_1.4.0/stm32cubeide/plugins/com.st.stm32cube.ide.mcu.externaltools.gnu-tools-for-stm32.9-2020-q2-update.win32_1.5.0.202011040924/tools/bin/../lib/gcc/arm-none-eabi/9.3.1/../../../../arm-none-eabi/lib/thumb/v7e-m+fp/hard\libc_nano.a(lib_a-memset.o)
                              c:/st/stm32cubeide_1.4.0/stm32cubeide/plugins/com.st.stm32cube.ide.mcu.externaltools.gnu-tools-for-stm32.9-2020-q2-update.win32_1.5.0.202011040924/tools/bin/../lib/gcc/arm-none-eabi/9.3.1/../../../../arm-none-eabi/lib/thumb/v7e-m+fp/hard/crt0.o (memset)
c:/st/stm32cubeide_1.4.0/stm32cubeide/plugins/com.st.stm32cube.ide.mcu.externaltools.gnu-tools-for-stm32.9-2020-q2-update.win32_1.5.0.202011040924/tools/bin/../lib/gcc/arm-none-eabi/9.3.1/thumb/v7e-m+fp/hard\libgcc.a(_aeabi_uldivmod.o)
                              Drivers/STM32F4xx_HAL_Driver/Src/stm32f4xx_hal_rcc.o (__aeabi_uldivmod)
c:/st/stm32cubeide_1.4.0/stm32cubeide/plugins/com.st.stm32cube.ide.mcu.externaltools.gnu-tools-for-stm32.9-2020-q2-update.win32_1.5.0.202011040924/tools/bin/../lib/gcc/arm-none-eabi/9.3.1/thumb/v7e-m+fp/hard\libgcc.a(_udivmoddi4.o)
                              c:/st/stm32cubeide_1.4.0/stm32cubeide/plugins/com.st.stm32cube.ide.mcu.externaltools.gnu-tools-for-stm32.9-2020-q2-update.win32_1.5.0.202011040924/tools/bin/../lib/gcc/arm-none-eabi/9.3.1/thumb/v7e-m+fp/hard\libgcc.a(_aeabi_uldivmod.o) (__udivmoddi4)
c:/st/stm32cubeide_1.4.0/stm32cubeide/plugins/com.st.stm32cube.ide.mcu.externaltools.gnu-tools-for-stm32.9-2020-q2-update.win32_1.5.0.202011040924/tools/bin/../lib/gcc/arm-none-eabi/9.3.1/thumb/v7e-m+fp/hard\libgcc.a(_dvmd_tls.o)
                              c:/st/stm32cubeide_1.4.0/stm32cubeide/plugins/com.st.stm32cube.ide.mcu.externaltools.gnu-tools-for-stm32.9-2020-q2-update.win32_1.5.0.202011040924/tools/bin/../lib/gcc/arm-none-eabi/9.3.1/thumb/v7e-m+fp/hard\libgcc.a(_aeabi_uldivmod.o) (__aeabi_ldiv0)

Allocating common symbols
Common symbol       size              file

uwTick              0x4               Drivers/STM32F4xx_HAL_Driver/Src/stm32f4xx_hal.o
pFlash              0x20              Drivers/STM32F4xx_HAL_Driver/Src/stm32f4xx_hal_flash.o
htim3               0x40              Core/Src/tim.o
hadc1               0x48              Core/Src/adc.o
bldc                0x5c              Core/Src/bldc_motor.o
hdma_adc1           0x60              Core/Src/adc.o
htim1               0x40              Core/Src/tim.o
huart2              0x40              Core/Src/usart.o

Discarded input sections

 .text          0x0000000000000000        0x0 c:/st/stm32cubeide_1.4.0/stm32cubeide/plugins/com.st.stm32cube.ide.mcu.externaltools.gnu-tools-for-stm32.9-2020-q2-update.win32_1.5.0.202011040924/tools/bin/../lib/gcc/arm-none-eabi/9.3.1/thumb/v7e-m+fp/hard/crti.o
[...]
Memory Configuration

Name             Origin             Length             Attributes
RAM              0x0000000020000000 0x0000000000018000 xrw
FLASH            0x0000000008000000 0x0000000000080000 xr
*default*        0x0000000000000000 0xffffffffffffffff

Linker script and memory map

LOAD c:/st/stm32cubeide_1.4.0/stm32cubeide/plugins/com.st.stm32cube.ide.mcu.externaltools.gnu-tools-for-stm32.9-2020-q2-update.win32_1.5.0.202011040924/tools/bin/../lib/gcc/arm-none-eabi/9.3.1/thumb/v7e-m+fp/hard/crti.o
LOAD c:/st/stm32cubeide_1.4.0/stm32cubeide/plugins/com.st.stm32cube.ide.mcu.externaltools.gnu-tools-for-stm32.9-2020-q2-update.win32_1.5.0.202011040924/tools/bin/../lib/gcc/arm-none-eabi/9.3.1/thumb/v7e-m+fp/hard/crtbegin.o
LOAD c:/st/stm32cubeide_1.4.0/stm32cubeide/plugins/com.st.stm32cube.ide.mcu.externaltools.gnu-tools-for-stm32.9-2020-q2-update.win32_1.5.0.202011040924/tools/bin/../lib/gcc/arm-none-eabi/9.3.1/../../../../arm-none-eabi/lib/thumb/v7e-m+fp/hard/crt0.o
LOAD Core/Src/adc.o
LOAD Core/Src/bldc_motor.o
LOAD Core/Src/dma.o
LOAD Core/Src/gpio.o
LOAD Core/Src/main.o
LOAD Core/Src/pid_controller.o
LOAD Core/Src/stm32f4xx_hal_msp.o
LOAD Core/Src/stm32f4xx_it.o
LOAD Core/Src/syscalls.o
LOAD Core/Src/sysmem.o
LOAD Core/Src/system_stm32f4xx.o
LOAD Core/Src/tim.o
LOAD Core/Src/usart.o
LOAD Core/Startup/startup_stm32f401retx.o
LOAD Drivers/STM32F4xx_HAL_Driver/Src/stm32f4xx_hal.o
LOAD Drivers/STM32F4xx_HAL_Driver/Src/stm32f4xx_hal_adc.o
LOAD Drivers/STM32F4xx_HAL_Driver/Src/stm32f4xx_hal_adc_ex.o
LOAD Drivers/STM32F4xx_HAL_Driver/Src/stm32f4xx_hal_cortex.o
LOAD Drivers/STM32F4xx_HAL_Driver/Src/stm32f4xx_hal_dma.o
LOAD Drivers/STM32F4xx_HAL_Driver/Src/stm32f4xx_hal_dma_ex.o
LOAD Drivers/STM32F4xx_HAL_Driver/Src/stm32f4xx_hal_exti.o
LOAD Drivers/STM32F4xx_HAL_Driver/Src/stm32f4xx_hal_flash.o
LOAD Drivers/STM32F4xx_HAL_Driver/Src/stm32f4xx_hal_flash_ex.o
LOAD Drivers/STM32F4xx_HAL_Driver/Src/stm32f4xx_hal_flash_ramfunc.o
LOAD Drivers/STM32F4xx_HAL_Driver/Src/stm32f4xx_hal_gpio.o
LOAD Drivers/STM32F4xx_HAL_Driver/Src/stm32f4xx_hal_pwr.o
LOAD Drivers/STM32F4xx_HAL_Driver/Src/stm32f4xx_hal_pwr_ex.o
LOAD Drivers/STM32F4xx_HAL_Driver/Src/stm32f4xx_hal_rcc.o
LOAD Drivers/STM32F4xx_HAL_Driver/Src/stm32f4xx_hal_rcc_ex.o
LOAD Drivers/STM32F4xx_HAL_Driver/Src/stm32f4xx_hal_tim.o
LOAD Drivers/STM32F4xx_HAL_Driver/Src/stm32f4xx_hal_tim_ex.o
LOAD Drivers/STM32F4xx_HAL_Driver/Src/stm32f4xx_hal_uart.o
START GROUP
LOAD c:/st/stm32cubeide_1.4.0/stm32cubeide/plugins/com.st.stm32cube.ide.mcu.externaltools.gnu-tools-for-stm32.9-2020-q2-update.win32_1.5.0.202011040924/tools/bin/../lib/gcc/arm-none-eabi/9.3.1/../../../../arm-none-eabi/lib/thumb/v7e-m+fp/hard\libc_nano.a
LOAD c:/st/stm32cubeide_1.4.0/stm32cubeide/plugins/com.st.stm32cube.ide.mcu.externaltools.gnu-tools-for-stm32.9-2020-q2-update.win32_1.5.0.202011040924/tools/bin/../lib/gcc/arm-none-eabi/9.3.1/../../../../arm-none-eabi/lib/thumb/v7e-m+fp/hard\libm.a
END GROUP
START GROUP
LOAD c:/st/stm32cubeide_1.4.0/stm32cubeide/plugins/com.st.stm32cube.ide.mcu.externaltools.gnu-tools-for-stm32.9-2020-q2-update.win32_1.5.0.202011040924/tools/bin/../lib/gcc/arm-none-eabi/9.3.1/thumb/v7e-m+fp/hard\libgcc.a
LOAD c:/st/stm32cubeide_1.4.0/stm32cubeide/plugins/com.st.stm32cube.ide.mcu.externaltools.gnu-tools-for-stm32.9-2020-q2-update.win32_1.5.0.202011040924/tools/bin/../lib/gcc/arm-none-eabi/9.3.1/../../../../arm-none-eabi/lib/thumb/v7e-m+fp/hard\libc_nano.a
END GROUP
START GROUP
LOAD c:/st/stm32cubeide_1.4.0/stm32cubeide/plugins/com.st.stm32cube.ide.mcu.externaltools.gnu-tools-for-stm32.9-2020-q2-update.win32_1.5.0.202011040924/tools/bin/../lib/gcc/arm-none-eabi/9.3.1/thumb/v7e-m+fp/hard\libgcc.a
LOAD c:/st/stm32cubeide_1.4.0/stm32cubeide/plugins/com.st.stm32cube.ide.mcu.externaltools.gnu-tools-for-stm32.9-2020-q2-update.win32_1.5.0.202011040924/tools/bin/../lib/gcc/arm-none-eabi/9.3.1/../../../../arm-none-eabi/lib/thumb/v7e-m+fp/hard\libc_nano.a
LOAD c:/st/stm32cubeide_1.4.0/stm32cubeide/plugins/com.st.stm32cube.ide.mcu.externaltools.gnu-tools-for-stm32.9-2020-q2-update.win32_1.5.0.202011040924/tools/bin/../lib/gcc/arm-none-eabi/9.3.1/../../../../arm-none-eabi/lib/thumb/v7e-m+fp/hard\libnosys.a
END GROUP
START GROUP
LOAD c:/st/stm32cubeide_1.4.0/stm32cubeide/plugins/com.st.stm32cube.ide.mcu.externaltools.gnu-tools-for-stm32.9-2020-q2-update.win32_1.5.0.202011040924/tools/bin/../lib/gcc/arm-none-eabi/9.3.1/thumb/v7e-m+fp/hard\libgcc.a
LOAD c:/st/stm32cubeide_1.4.0/stm32cubeide/plugins/com.st.stm32cube.ide.mcu.externaltools.gnu-tools-for-stm32.9-2020-q2-update.win32_1.5.0.202011040924/tools/bin/../lib/gcc/arm-none-eabi/9.3.1/../../../../arm-none-eabi/lib/thumb/v7e-m+fp/hard\libc_nano.a
LOAD c:/st/stm32cubeide_1.4.0/stm32cubeide/plugins/com.st.stm32cube.ide.mcu.externaltools.gnu-tools-for-stm32.9-2020-q2-update.win32_1.5.0.202011040924/tools/bin/../lib/gcc/arm-none-eabi/9.3.1/../../../../arm-none-eabi/lib/thumb/v7e-m+fp/hard\libnosys.a
END GROUP
LOAD c:/st/stm32cubeide_1.4.0/stm32cubeide/plugins/com.st.stm32cube.ide.mcu.externaltools.gnu-tools-for-stm32.9-2020-q2-update.win32_1.5.0.202011040924/tools/bin/../lib/gcc/arm-none-eabi/9.3.1/thumb/v7e-m+fp/hard/crtend.o
LOAD c:/st/stm32cubeide_1.4.0/stm32cubeide/plugins/com.st.stm32cube.ide.mcu.externaltools.gnu-tools-for-stm32.9-2020-q2-update.win32_1.5.0.202011040924/tools/bin/../lib/gcc/arm-none-eabi/9.3.1/thumb/v7e-m+fp/hard/crtn.o
                0x0000000020018000                _estack = (ORIGIN (RAM) + LENGTH (RAM))
                0x0000000000000200                _Min_Heap_Size = 0x200
                0x0000000000000400                _Min_Stack_Size = 0x400

.isr_vector     0x0000000008000000      0x194
                0x0000000008000000                . = ALIGN (0x4)
 *(.isr_vector)
 .isr_vector    0x0000000008000000      0x194 Core/Startup/startup_stm32f401retx.o
                0x0000000008000000                g_pfnVectors
                0x0000000008000194                . = ALIGN (0x4)

.text           0x0000000008000194     0x4cf0
                0x0000000008000194                . = ALIGN (0x4)
 *(.text)
 .text          0x0000000008000194       0x40 c:/st/stm32cubeide_1.4.0/stm32cubeide/plugins/com.st.stm32cube.ide.mcu.externaltools.gnu-tools-for-stm32.9-2020-q2-update.win32_1.5.0.202011040924/tools/bin/../lib/gcc/arm-none-eabi/9.3.1/thumb/v7e-m+fp/hard/crtbegin.o
 .text          0x00000000080001d4       0x30 c:/st/stm32cubeide_1.4.0/stm32cubeide/plugins/com.st.stm32cube.ide.mcu.externaltools.gnu-tools-for-stm32.9-2020-q2-update.win32_1.5.0.202011040924/tools/bin/../lib/gcc/arm-none-eabi/9.3.1/thumb/v7e-m+fp/hard\libgcc.a(_aeabi_uldivmod.o)
                0x00000000080001d4                __aeabi_uldivmod
 .text          0x0000000008000204      0x2c4 c:/st/stm32cubeide_1.4.0/stm32cubeide/plugins/com.st.stm32cube.ide.mcu.externaltools.gnu-tools-for-stm32.9-2020-q2-update.win32_1.5.0.202011040924/tools/bin/../lib/gcc/arm-none-eabi/9.3.1/thumb/v7e-m+fp/hard\libgcc.a(_udivmoddi4.o)
                0x0000000008000204                __udivmoddi4
 .text          0x00000000080004c8        0x4 c:/st/stm32cubeide_1.4.0/stm32cubeide/plugins/com.st.stm32cube.ide.mcu.externaltools.gnu-tools-for-stm32.9-2020-q2-update.win32_1.5.0.202011040924/tools/bin/../lib/gcc/arm-none-eabi/9.3.1/thumb/v7e-m+fp/hard\libgcc.a(_dvmd_tls.o)
                0x00000000080004c8                __aeabi_idiv0
                0x00000000080004c8                __aeabi_ldiv0
 *(.text*)
 .text.MX_ADC1_Init
                0x00000000080004cc       0xdc Core/Src/adc.o
                0x00000000080004cc                MX_ADC1_Init
 .text.HAL_ADC_MspInit
                0x00000000080005a8      0x164 Core/Src/adc.o
                0x00000000080005a8                HAL_ADC_MspInit
 .text.bldc_motor_init
                0x000000000800070c       0xb4 Core/Src/bldc_motor.o
                0x000000000800070c                bldc_motor_init
 .text.bldc_motor_six_step_algorithm
                0x00000000080007c0      0x170 Core/Src/bldc_motor.o
                0x00000000080007c0                bldc_motor_six_step_algorithm
 .text.bldc_motor_set_speed
                0x0000000008000930       0x38 Core/Src/bldc_motor.o
                0x0000000008000930                bldc_motor_set_speed
 .text.bldc_motor_Config_Channel_Init
                0x0000000008000968       0x3c Core/Src/bldc_motor.o
                0x0000000008000968                bldc_motor_Config_Channel_Init
 .text.bldc_motor_PWM_Config_Channel
                0x00000000080009a4       0x4c Core/Src/bldc_motor.o
                0x00000000080009a4                bldc_motor_PWM_Config_Channel
 .text.bldc_motor_OC_Config_Channel
                0x00000000080009f0       0x48 Core/Src/bldc_motor.o
                0x00000000080009f0                bldc_motor_OC_Config_Channel
 .text.bldc_motor_bemf_start_adc_conversion
                0x0000000008000a38       0x1c Core/Src/bldc_motor.o
                0x0000000008000a38                bldc_motor_bemf_start_adc_conversion
 .text.bldc_motor_bemf_calculation
                0x0000000008000a54      0x1c4 Core/Src/bldc_motor.o
                0x0000000008000a54                bldc_motor_bemf_calculation
 .text.bldc_motor_ARR_calculate
                0x0000000008000c18       0x70 Core/Src/bldc_motor.o
                0x0000000008000c18                bldc_motor_ARR_calculate
 .text.bldc_motor_start_pid_calculate
                0x0000000008000c88       0x4c Core/Src/bldc_motor.o
                0x0000000008000c88                bldc_motor_start_pid_calculate
 .text.bldc_motor_alignment
                0x0000000008000cd4       0x30 Core/Src/bldc_motor.o
                0x0000000008000cd4                bldc_motor_alignment
 .text.bldc_motor_process
                0x0000000008000d04       0xb0 Core/Src/bldc_motor.o
                0x0000000008000d04                bldc_motor_process
 .text.MX_DMA_Init
                0x0000000008000db4       0x40 Core/Src/dma.o
                0x0000000008000db4                MX_DMA_Init
 .text.MX_GPIO_Init
                0x0000000008000df4      0x130 Core/Src/gpio.o
                0x0000000008000df4                MX_GPIO_Init
 .text.main     0x0000000008000f24       0x50 Core/Src/main.o
                0x0000000008000f24                main
 .text.SystemClock_Config
                0x0000000008000f74       0xd8 Core/Src/main.o
                0x0000000008000f74                SystemClock_Config
 .text.HAL_TIMEx_CommutCallback
                0x000000000800104c       0x14 Core/Src/main.o
                0x000000000800104c                HAL_TIMEx_CommutCallback
 .text.HAL_TIM_PeriodElapsedCallback
                0x0000000008001060       0x34 Core/Src/main.o
                0x0000000008001060                HAL_TIM_PeriodElapsedCallback
 .text.HAL_ADC_ConvCpltCallback
                0x0000000008001094       0x14 Core/Src/main.o
                0x0000000008001094                HAL_ADC_ConvCpltCallback
 .text.Error_Handler
                0x00000000080010a8        0xa Core/Src/main.o
                0x00000000080010a8                Error_Handler
 .text.pid_init
                0x00000000080010b2       0x46 Core/Src/pid_controller.o
                0x00000000080010b2                pid_init
 .text.pid_calculate
                0x00000000080010f8       0xf8 Core/Src/pid_controller.o
                0x00000000080010f8                pid_calculate
 .text.HAL_MspInit
                0x00000000080011f0       0x50 Core/Src/stm32f4xx_hal_msp.o
                0x00000000080011f0                HAL_MspInit
 .text.NMI_Handler
                0x0000000008001240        0x6 Core/Src/stm32f4xx_it.o
                0x0000000008001240                NMI_Handler
 .text.HardFault_Handler
                0x0000000008001246        0x6 Core/Src/stm32f4xx_it.o
                0x0000000008001246                HardFault_Handler
 .text.MemManage_Handler
                0x000000000800124c        0x6 Core/Src/stm32f4xx_it.o
                0x000000000800124c                MemManage_Handler
 .text.BusFault_Handler
                0x0000000008001252        0x6 Core/Src/stm32f4xx_it.o
                0x0000000008001252                BusFault_Handler
 .text.UsageFault_Handler
                0x0000000008001258        0x6 Core/Src/stm32f4xx_it.o
                0x0000000008001258                UsageFault_Handler
 .text.SVC_Handler
                0x000000000800125e        0xe Core/Src/stm32f4xx_it.o
                0x000000000800125e                SVC_Handler
 .text.DebugMon_Handler
                0x000000000800126c        0xe Core/Src/stm32f4xx_it.o
                0x000000000800126c                DebugMon_Handler
 .text.PendSV_Handler
                0x000000000800127a        0xe Core/Src/stm32f4xx_it.o
                0x000000000800127a                PendSV_Handler
 .text.SysTick_Handler
                0x0000000008001288        0xc Core/Src/stm32f4xx_it.o
                0x0000000008001288                SysTick_Handler
 .text.TIM1_UP_TIM10_IRQHandler
                0x0000000008001294       0x14 Core/Src/stm32f4xx_it.o
                0x0000000008001294                TIM1_UP_TIM10_IRQHandler
 .text.TIM1_TRG_COM_TIM11_IRQHandler
                0x00000000080012a8       0x14 Core/Src/stm32f4xx_it.o
                0x00000000080012a8                TIM1_TRG_COM_TIM11_IRQHandler
 .text.DMA2_Stream0_IRQHandler
                0x00000000080012bc       0x14 Core/Src/stm32f4xx_it.o
                0x00000000080012bc                DMA2_Stream0_IRQHandler
 .text.SystemInit
                0x00000000080012d0       0x2c Core/Src/system_stm32f4xx.o
                0x00000000080012d0                SystemInit
 .text.MX_TIM1_Init
                0x00000000080012fc      0x13c Core/Src/tim.o
                0x00000000080012fc                MX_TIM1_Init
 .text.MX_TIM3_Init
                0x0000000008001438       0x9c Core/Src/tim.o
                0x0000000008001438                MX_TIM3_Init
 .text.HAL_TIM_PWM_MspInit
                0x00000000080014d4       0x60 Core/Src/tim.o
                0x00000000080014d4                HAL_TIM_PWM_MspInit
 .text.HAL_TIM_Base_MspInit
                0x0000000008001534       0x44 Core/Src/tim.o
                0x0000000008001534                HAL_TIM_Base_MspInit
 .text.HAL_TIM_MspPostInit
                0x0000000008001578       0xb8 Core/Src/tim.o
                0x0000000008001578                HAL_TIM_MspPostInit
 .text.MX_USART2_UART_Init
                0x0000000008001630       0x54 Core/Src/usart.o
                0x0000000008001630                MX_USART2_UART_Init
 .text.HAL_UART_MspInit
                0x0000000008001684       0x90 Core/Src/usart.o
                0x0000000008001684                HAL_UART_MspInit
 .text.Reset_Handler
                0x0000000008001714       0x50 Core/Startup/startup_stm32f401retx.o
                0x0000000008001714                Reset_Handler
 .text.Default_Handler
                0x0000000008001764        0x2 Core/Startup/startup_stm32f401retx.o
                0x0000000008001764                RTC_Alarm_IRQHandler
                0x0000000008001764                EXTI2_IRQHandler
                0x0000000008001764                SPI4_IRQHandler
                0x0000000008001764                TIM1_CC_IRQHandler
                0x0000000008001764                DMA2_Stream5_IRQHandler
                0x0000000008001764                DMA1_Stream5_IRQHandler
                0x0000000008001764                PVD_IRQHandler
                0x0000000008001764                SDIO_IRQHandler
                0x0000000008001764                TAMP_STAMP_IRQHandler
                0x0000000008001764                EXTI3_IRQHandler
                0x0000000008001764                I2C3_ER_IRQHandler
                0x0000000008001764                EXTI0_IRQHandler
                0x0000000008001764                I2C2_EV_IRQHandler
                0x0000000008001764                DMA1_Stream2_IRQHandler
                0x0000000008001764                FPU_IRQHandler
                0x0000000008001764                DMA2_Stream2_IRQHandler
                0x0000000008001764                SPI1_IRQHandler
                0x0000000008001764                TIM1_BRK_TIM9_IRQHandler
                0x0000000008001764                DMA2_Stream3_IRQHandler
                0x0000000008001764                USART6_IRQHandler
                0x0000000008001764                TIM4_IRQHandler
                0x0000000008001764                I2C1_EV_IRQHandler
                0x0000000008001764                DMA1_Stream6_IRQHandler
                0x0000000008001764                DMA1_Stream1_IRQHandler
                0x0000000008001764                TIM3_IRQHandler
                0x0000000008001764                RCC_IRQHandler
                0x0000000008001764                Default_Handler
                0x0000000008001764                EXTI15_10_IRQHandler
                0x0000000008001764                ADC_IRQHandler
                0x0000000008001764                DMA1_Stream7_IRQHandler
                0x0000000008001764                TIM5_IRQHandler
                0x0000000008001764                DMA2_Stream7_IRQHandler
                0x0000000008001764                I2C3_EV_IRQHandler
                0x0000000008001764                EXTI9_5_IRQHandler
                0x0000000008001764                RTC_WKUP_IRQHandler
                0x0000000008001764                SPI2_IRQHandler
                0x0000000008001764                DMA1_Stream0_IRQHandler
                0x0000000008001764                EXTI4_IRQHandler
                0x0000000008001764                WWDG_IRQHandler
                0x0000000008001764                TIM2_IRQHandler
                0x0000000008001764                OTG_FS_WKUP_IRQHandler
                0x0000000008001764                EXTI1_IRQHandler
                0x0000000008001764                USART2_IRQHandler
                0x0000000008001764                I2C2_ER_IRQHandler
                0x0000000008001764                DMA2_Stream1_IRQHandler
                0x0000000008001764                FLASH_IRQHandler
                0x0000000008001764                DMA2_Stream4_IRQHandler
                0x0000000008001764                USART1_IRQHandler
                0x0000000008001764                OTG_FS_IRQHandler
                0x0000000008001764                SPI3_IRQHandler
                0x0000000008001764                DMA1_Stream4_IRQHandler
                0x0000000008001764                I2C1_ER_IRQHandler
                0x0000000008001764                DMA2_Stream6_IRQHandler
                0x0000000008001764                DMA1_Stream3_IRQHandler
 *fill*         0x0000000008001766        0x2 
 .text.HAL_Init
                0x0000000008001768       0x44 Drivers/STM32F4xx_HAL_Driver/Src/stm32f4xx_hal.o
                0x0000000008001768                HAL_Init
 .text.HAL_InitTick
                0x00000000080017ac       0x60 Drivers/STM32F4xx_HAL_Driver/Src/stm32f4xx_hal.o
                0x00000000080017ac                HAL_InitTick
 .text.HAL_IncTick
                0x000000000800180c       0x28 Drivers/STM32F4xx_HAL_Driver/Src/stm32f4xx_hal.o
                0x000000000800180c                HAL_IncTick
 .text.HAL_GetTick
                0x0000000008001834       0x18 Drivers/STM32F4xx_HAL_Driver/Src/stm32f4xx_hal.o
                0x0000000008001834                HAL_GetTick
 .text.HAL_ADC_Init
                0x000000000800184c       0x86 Drivers/STM32F4xx_HAL_Driver/Src/stm32f4xx_hal_adc.o
                0x000000000800184c                HAL_ADC_Init
 *fill*         0x00000000080018d2        0x2 
 .text.HAL_ADC_Start_DMA
                0x00000000080018d4      0x1a8 Drivers/STM32F4xx_HAL_Driver/Src/stm32f4xx_hal_adc.o
                0x00000000080018d4                HAL_ADC_Start_DMA
 .text.HAL_ADC_ConvHalfCpltCallback
                0x0000000008001a7c       0x14 Drivers/STM32F4xx_HAL_Driver/Src/stm32f4xx_hal_adc.o
                0x0000000008001a7c                HAL_ADC_ConvHalfCpltCallback
 .text.HAL_ADC_ErrorCallback
                0x0000000008001a90       0x14 Drivers/STM32F4xx_HAL_Driver/Src/stm32f4xx_hal_adc.o
                0x0000000008001a90                HAL_ADC_ErrorCallback
 .text.HAL_ADC_ConfigChannel
                0x0000000008001aa4      0x244 Drivers/STM32F4xx_HAL_Driver/Src/stm32f4xx_hal_adc.o
                0x0000000008001aa4                HAL_ADC_ConfigChannel
 .text.ADC_Init
                0x0000000008001ce8      0x1f8 Drivers/STM32F4xx_HAL_Driver/Src/stm32f4xx_hal_adc.o
 .text.ADC_DMAConvCplt
                0x0000000008001ee0       0xba Drivers/STM32F4xx_HAL_Driver/Src/stm32f4xx_hal_adc.o
 .text.ADC_DMAHalfConvCplt
                0x0000000008001f9a       0x1c Drivers/STM32F4xx_HAL_Driver/Src/stm32f4xx_hal_adc.o
 .text.ADC_DMAError
                0x0000000008001fb6       0x2e Drivers/STM32F4xx_HAL_Driver/Src/stm32f4xx_hal_adc.o
 .text.__NVIC_SetPriorityGrouping
                0x0000000008001fe4       0x48 Drivers/STM32F4xx_HAL_Driver/Src/stm32f4xx_hal_cortex.o
 .text.__NVIC_GetPriorityGrouping
                0x000000000800202c       0x1c Drivers/STM32F4xx_HAL_Driver/Src/stm32f4xx_hal_cortex.o
 .text.__NVIC_EnableIRQ
                0x0000000008002048       0x3c Drivers/STM32F4xx_HAL_Driver/Src/stm32f4xx_hal_cortex.o
 .text.__NVIC_SetPriority
                0x0000000008002084       0x54 Drivers/STM32F4xx_HAL_Driver/Src/stm32f4xx_hal_cortex.o
 .text.NVIC_EncodePriority
                0x00000000080020d8       0x66 Drivers/STM32F4xx_HAL_Driver/Src/stm32f4xx_hal_cortex.o
 *fill*         0x000000000800213e        0x2 
 .text.SysTick_Config
                0x0000000008002140       0x44 Drivers/STM32F4xx_HAL_Driver/Src/stm32f4xx_hal_cortex.o
 .text.HAL_NVIC_SetPriorityGrouping
                0x0000000008002184       0x16 Drivers/STM32F4xx_HAL_Driver/Src/stm32f4xx_hal_cortex.o
                0x0000000008002184                HAL_NVIC_SetPriorityGrouping
 .text.HAL_NVIC_SetPriority
                0x000000000800219a       0x38 Drivers/STM32F4xx_HAL_Driver/Src/stm32f4xx_hal_cortex.o
                0x000000000800219a                HAL_NVIC_SetPriority
 .text.HAL_NVIC_EnableIRQ
                0x00000000080021d2       0x1c Drivers/STM32F4xx_HAL_Driver/Src/stm32f4xx_hal_cortex.o
                0x00000000080021d2                HAL_NVIC_EnableIRQ
 .text.HAL_SYSTICK_Config
                0x00000000080021ee       0x18 Drivers/STM32F4xx_HAL_Driver/Src/stm32f4xx_hal_cortex.o
                0x00000000080021ee                HAL_SYSTICK_Config
 *fill*         0x0000000008002206        0x2 
 .text.HAL_DMA_Init
                0x0000000008002208      0x15c Drivers/STM32F4xx_HAL_Driver/Src/stm32f4xx_hal_dma.o
                0x0000000008002208                HAL_DMA_Init
 .text.HAL_DMA_Start_IT
                0x0000000008002364       0xb0 Drivers/STM32F4xx_HAL_Driver/Src/stm32f4xx_hal_dma.o
                0x0000000008002364                HAL_DMA_Start_IT
 .text.HAL_DMA_IRQHandler
                0x0000000008002414      0x314 Drivers/STM32F4xx_HAL_Driver/Src/stm32f4xx_hal_dma.o
                0x0000000008002414                HAL_DMA_IRQHandler
 .text.DMA_SetConfig
                0x0000000008002728       0x5c Drivers/STM32F4xx_HAL_Driver/Src/stm32f4xx_hal_dma.o
 .text.DMA_CalcBaseAndBitshift
                0x0000000008002784       0x6c Drivers/STM32F4xx_HAL_Driver/Src/stm32f4xx_hal_dma.o
 .text.DMA_CheckFifoParam
                0x00000000080027f0       0xf8 Drivers/STM32F4xx_HAL_Driver/Src/stm32f4xx_hal_dma.o
 .text.HAL_GPIO_Init
                0x00000000080028e8      0x308 Drivers/STM32F4xx_HAL_Driver/Src/stm32f4xx_hal_gpio.o
                0x00000000080028e8                HAL_GPIO_Init
 .text.HAL_GPIO_WritePin
                0x0000000008002bf0       0x32 Drivers/STM32F4xx_HAL_Driver/Src/stm32f4xx_hal_gpio.o
                0x0000000008002bf0                HAL_GPIO_WritePin
 *fill*         0x0000000008002c22        0x2 
 .text.HAL_RCC_OscConfig
                0x0000000008002c24      0x4e0 Drivers/STM32F4xx_HAL_Driver/Src/stm32f4xx_hal_rcc.o
                0x0000000008002c24                HAL_RCC_OscConfig
 .text.HAL_RCC_ClockConfig
                0x0000000008003104      0x1cc Drivers/STM32F4xx_HAL_Driver/Src/stm32f4xx_hal_rcc.o
                0x0000000008003104                HAL_RCC_ClockConfig
 .text.HAL_RCC_GetSysClockFreq
                0x00000000080032d0      0x1c4 Drivers/STM32F4xx_HAL_Driver/Src/stm32f4xx_hal_rcc.o
                0x00000000080032d0                HAL_RCC_GetSysClockFreq
 .text.HAL_RCC_GetHCLKFreq
                0x0000000008003494       0x18 Drivers/STM32F4xx_HAL_Driver/Src/stm32f4xx_hal_rcc.o
                0x0000000008003494                HAL_RCC_GetHCLKFreq
 .text.HAL_RCC_GetPCLK1Freq
                0x00000000080034ac       0x28 Drivers/STM32F4xx_HAL_Driver/Src/stm32f4xx_hal_rcc.o
                0x00000000080034ac                HAL_RCC_GetPCLK1Freq
 .text.HAL_RCC_GetPCLK2Freq
                0x00000000080034d4       0x28 Drivers/STM32F4xx_HAL_Driver/Src/stm32f4xx_hal_rcc.o
                0x00000000080034d4                HAL_RCC_GetPCLK2Freq
 .text.HAL_TIM_Base_Init
                0x00000000080034fc       0x56 Drivers/STM32F4xx_HAL_Driver/Src/stm32f4xx_hal_tim.o
                0x00000000080034fc                HAL_TIM_Base_Init
 .text.HAL_TIM_Base_Start
                0x0000000008003552       0x48 Drivers/STM32F4xx_HAL_Driver/Src/stm32f4xx_hal_tim.o
                0x0000000008003552                HAL_TIM_Base_Start
 .text.HAL_TIM_Base_Start_IT
                0x000000000800359a       0x48 Drivers/STM32F4xx_HAL_Driver/Src/stm32f4xx_hal_tim.o
                0x000000000800359a                HAL_TIM_Base_Start_IT
 *fill*         0x00000000080035e2        0x2 
 .text.HAL_TIM_OC_Stop
                0x00000000080035e4       0x90 Drivers/STM32F4xx_HAL_Driver/Src/stm32f4xx_hal_tim.o
                0x00000000080035e4                HAL_TIM_OC_Stop
 .text.HAL_TIM_PWM_Init
                0x0000000008003674       0x56 Drivers/STM32F4xx_HAL_Driver/Src/stm32f4xx_hal_tim.o
                0x0000000008003674                HAL_TIM_PWM_Init
 *fill*         0x00000000080036ca        0x2 
 .text.HAL_TIM_PWM_Start
                0x00000000080036cc       0x64 Drivers/STM32F4xx_HAL_Driver/Src/stm32f4xx_hal_tim.o
                0x00000000080036cc                HAL_TIM_PWM_Start
 .text.HAL_TIM_IRQHandler
                0x0000000008003730      0x210 Drivers/STM32F4xx_HAL_Driver/Src/stm32f4xx_hal_tim.o
                0x0000000008003730                HAL_TIM_IRQHandler
 .text.HAL_TIM_OC_ConfigChannel
                0x0000000008003940       0xc0 Drivers/STM32F4xx_HAL_Driver/Src/stm32f4xx_hal_tim.o
                0x0000000008003940                HAL_TIM_OC_ConfigChannel
 .text.HAL_TIM_PWM_ConfigChannel
                0x0000000008003a00      0x18c Drivers/STM32F4xx_HAL_Driver/Src/stm32f4xx_hal_tim.o
                0x0000000008003a00                HAL_TIM_PWM_ConfigChannel
 .text.HAL_TIM_ConfigClockSource
                0x0000000008003b8c      0x188 Drivers/STM32F4xx_HAL_Driver/Src/stm32f4xx_hal_tim.o
                0x0000000008003b8c                HAL_TIM_ConfigClockSource
 .text.HAL_TIM_OC_DelayElapsedCallback
                0x0000000008003d14       0x14 Drivers/STM32F4xx_HAL_Driver/Src/stm32f4xx_hal_tim.o
                0x0000000008003d14                HAL_TIM_OC_DelayElapsedCallback
 .text.HAL_TIM_IC_CaptureCallback
                0x0000000008003d28       0x14 Drivers/STM32F4xx_HAL_Driver/Src/stm32f4xx_hal_tim.o
                0x0000000008003d28                HAL_TIM_IC_CaptureCallback
 .text.HAL_TIM_PWM_PulseFinishedCallback
                0x0000000008003d3c       0x14 Drivers/STM32F4xx_HAL_Driver/Src/stm32f4xx_hal_tim.o
                0x0000000008003d3c                HAL_TIM_PWM_PulseFinishedCallback
 .text.HAL_TIM_TriggerCallback
                0x0000000008003d50       0x14 Drivers/STM32F4xx_HAL_Driver/Src/stm32f4xx_hal_tim.o
                0x0000000008003d50                HAL_TIM_TriggerCallback
 .text.TIM_Base_SetConfig
                0x0000000008003d64      0x100 Drivers/STM32F4xx_HAL_Driver/Src/stm32f4xx_hal_tim.o
                0x0000000008003d64                TIM_Base_SetConfig
 .text.TIM_OC1_SetConfig
                0x0000000008003e64       0xcc Drivers/STM32F4xx_HAL_Driver/Src/stm32f4xx_hal_tim.o
 .text.TIM_OC2_SetConfig
                0x0000000008003f30       0xd8 Drivers/STM32F4xx_HAL_Driver/Src/stm32f4xx_hal_tim.o
                0x0000000008003f30                TIM_OC2_SetConfig
 .text.TIM_OC3_SetConfig
                0x0000000008004008       0xd4 Drivers/STM32F4xx_HAL_Driver/Src/stm32f4xx_hal_tim.o
 .text.TIM_OC4_SetConfig
                0x00000000080040dc       0xa0 Drivers/STM32F4xx_HAL_Driver/Src/stm32f4xx_hal_tim.o
 .text.TIM_TI1_ConfigInputStage
                0x000000000800417c       0x5e Drivers/STM32F4xx_HAL_Driver/Src/stm32f4xx_hal_tim.o
 .text.TIM_TI2_ConfigInputStage
                0x00000000080041da       0x60 Drivers/STM32F4xx_HAL_Driver/Src/stm32f4xx_hal_tim.o
 .text.TIM_ITRx_SetConfig
                0x000000000800423a       0x36 Drivers/STM32F4xx_HAL_Driver/Src/stm32f4xx_hal_tim.o
 .text.TIM_ETR_SetConfig
                0x0000000008004270       0x40 Drivers/STM32F4xx_HAL_Driver/Src/stm32f4xx_hal_tim.o
                0x0000000008004270                TIM_ETR_SetConfig
 .text.TIM_CCxChannelCmd
                0x00000000080042b0       0x4a Drivers/STM32F4xx_HAL_Driver/Src/stm32f4xx_hal_tim.o
                0x00000000080042b0                TIM_CCxChannelCmd
 .text.HAL_TIMEx_OCN_Start
                0x00000000080042fa       0x54 Drivers/STM32F4xx_HAL_Driver/Src/stm32f4xx_hal_tim_ex.o
                0x00000000080042fa                HAL_TIMEx_OCN_Start
 .text.HAL_TIMEx_PWMN_Start
                0x000000000800434e       0x54 Drivers/STM32F4xx_HAL_Driver/Src/stm32f4xx_hal_tim_ex.o
                0x000000000800434e                HAL_TIMEx_PWMN_Start
 .text.HAL_TIMEx_ConfigCommutEvent_IT
                0x00000000080043a2       0xc0 Drivers/STM32F4xx_HAL_Driver/Src/stm32f4xx_hal_tim_ex.o
                0x00000000080043a2                HAL_TIMEx_ConfigCommutEvent_IT
 *fill*         0x0000000008004462        0x2 
 .text.HAL_TIMEx_MasterConfigSynchronization
                0x0000000008004464       0xdc Drivers/STM32F4xx_HAL_Driver/Src/stm32f4xx_hal_tim_ex.o
                0x0000000008004464                HAL_TIMEx_MasterConfigSynchronization
 .text.HAL_TIMEx_ConfigBreakDeadTime
                0x0000000008004540       0xa4 Drivers/STM32F4xx_HAL_Driver/Src/stm32f4xx_hal_tim_ex.o
                0x0000000008004540                HAL_TIMEx_ConfigBreakDeadTime
 .text.HAL_TIMEx_BreakCallback
                0x00000000080045e4       0x14 Drivers/STM32F4xx_HAL_Driver/Src/stm32f4xx_hal_tim_ex.o
                0x00000000080045e4                HAL_TIMEx_BreakCallback
 .text.TIM_CCxNChannelCmd
                0x00000000080045f8       0x4a Drivers/STM32F4xx_HAL_Driver/Src/stm32f4xx_hal_tim_ex.o
 .text.HAL_UART_Init
                0x0000000008004642       0x9a Drivers/STM32F4xx_HAL_Driver/Src/stm32f4xx_hal_uart.o
                0x0000000008004642                HAL_UART_Init
 .text.UART_SetConfig
                0x00000000080046dc      0x738 Drivers/STM32F4xx_HAL_Driver/Src/stm32f4xx_hal_uart.o
 .text.__libc_init_array
                0x0000000008004e14       0x48 c:/st/stm32cubeide_1.4.0/stm32cubeide/plugins/com.st.stm32cube.ide.mcu.externaltools.gnu-tools-for-stm32.9-2020-q2-update.win32_1.5.0.202011040924/tools/bin/../lib/gcc/arm-none-eabi/9.3.1/../../../../arm-none-eabi/lib/thumb/v7e-m+fp/hard\libc_nano.a(lib_a-init.o)
                0x0000000008004e14                __libc_init_array
 .text.memset   0x0000000008004e5c       0x10 c:/st/stm32cubeide_1.4.0/stm32cubeide/plugins/com.st.stm32cube.ide.mcu.externaltools.gnu-tools-for-stm32.9-2020-q2-update.win32_1.5.0.202011040924/tools/bin/../lib/gcc/arm-none-eabi/9.3.1/../../../../arm-none-eabi/lib/thumb/v7e-m+fp/hard\libc_nano.a(lib_a-memset.o)
                0x0000000008004e5c                memset
 *(.glue_7)
 .glue_7        0x0000000008004e6c        0x0 linker stubs
 *(.glue_7t)
 .glue_7t       0x0000000008004e6c        0x0 linker stubs
 *(.eh_frame)
 .eh_frame      0x0000000008004e6c        0x0 c:/st/stm32cubeide_1.4.0/stm32cubeide/plugins/com.st.stm32cube.ide.mcu.externaltools.gnu-tools-for-stm32.9-2020-q2-update.win32_1.5.0.202011040924/tools/bin/../lib/gcc/arm-none-eabi/9.3.1/thumb/v7e-m+fp/hard/crtbegin.o
 *(.init)
 .init          0x0000000008004e6c        0x4 c:/st/stm32cubeide_1.4.0/stm32cubeide/plugins/com.st.stm32cube.ide.mcu.externaltools.gnu-tools-for-stm32.9-2020-q2-update.win32_1.5.0.202011040924/tools/bin/../lib/gcc/arm-none-eabi/9.3.1/thumb/v7e-m+fp/hard/crti.o
                0x0000000008004e6c                _init
 .init          0x0000000008004e70        0x8 c:/st/stm32cubeide_1.4.0/stm32cubeide/plugins/com.st.stm32cube.ide.mcu.externaltools.gnu-tools-for-stm32.9-2020-q2-update.win32_1.5.0.202011040924/tools/bin/../lib/gcc/arm-none-eabi/9.3.1/thumb/v7e-m+fp/hard/crtn.o
 *(.fini)
 .fini          0x0000000008004e78        0x4 c:/st/stm32cubeide_1.4.0/stm32cubeide/plugins/com.st.stm32cube.ide.mcu.externaltools.gnu-tools-for-stm32.9-2020-q2-update.win32_1.5.0.202011040924/tools/bin/../lib/gcc/arm-none-eabi/9.3.1/thumb/v7e-m+fp/hard/crti.o
                0x0000000008004e78                _fini
 .fini          0x0000000008004e7c        0x8 c:/st/stm32cubeide_1.4.0/stm32cubeide/plugins/com.st.stm32cube.ide.mcu.externaltools.gnu-tools-for-stm32.9-2020-q2-update.win32_1.5.0.202011040924/tools/bin/../lib/gcc/arm-none-eabi/9.3.1/thumb/v7e-m+fp/hard/crtn.o
                0x0000000008004e84                . = ALIGN (0x4)
                0x0000000008004e84                _etext = .

.vfp11_veneer   0x0000000008004e84        0x0
 .vfp11_veneer  0x0000000008004e84        0x0 linker stubs

.v4_bx          0x0000000008004e84        0x0
 .v4_bx         0x0000000008004e84        0x0 linker stubs

.iplt           0x0000000008004e84        0x0
 .iplt          0x0000000008004e84        0x0 c:/st/stm32cubeide_1.4.0/stm32cubeide/plugins/com.st.stm32cube.ide.mcu.externaltools.gnu-tools-for-stm32.9-2020-q2-update.win32_1.5.0.202011040924/tools/bin/../lib/gcc/arm-none-eabi/9.3.1/thumb/v7e-m+fp/hard/crtbegin.o

.rodata         0x0000000008004e84       0x20
                0x0000000008004e84                . = ALIGN (0x4)
 *(.rodata)
 *(.rodata*)
 .rodata.AHBPrescTable
                0x0000000008004e84       0x10 Core/Src/system_stm32f4xx.o
                0x0000000008004e84                AHBPrescTable
 .rodata.APBPrescTable
                0x0000000008004e94        0x8 Core/Src/system_stm32f4xx.o
                0x0000000008004e94                APBPrescTable
 .rodata.flagBitshiftOffset.8211
                0x0000000008004e9c        0x8 Drivers/STM32F4xx_HAL_Driver/Src/stm32f4xx_hal_dma.o
                0x0000000008004ea4                . = ALIGN (0x4)

.ARM.extab      0x0000000008004ea4        0x0
                0x0000000008004ea4                . = ALIGN (0x4)
 *(.ARM.extab* .gnu.linkonce.armextab.*)
                0x0000000008004ea4                . = ALIGN (0x4)

.ARM            0x0000000008004ea4        0x8
                0x0000000008004ea4                . = ALIGN (0x4)
                0x0000000008004ea4                __exidx_start = .
 *(.ARM.exidx*)
 .ARM.exidx     0x0000000008004ea4        0x8 c:/st/stm32cubeide_1.4.0/stm32cubeide/plugins/com.st.stm32cube.ide.mcu.externaltools.gnu-tools-for-stm32.9-2020-q2-update.win32_1.5.0.202011040924/tools/bin/../lib/gcc/arm-none-eabi/9.3.1/thumb/v7e-m+fp/hard\libgcc.a(_udivmoddi4.o)
                0x0000000008004eac                __exidx_end = .
                0x0000000008004eac                . = ALIGN (0x4)

.rel.dyn        0x0000000008004eac        0x0
 .rel.iplt      0x0000000008004eac        0x0 c:/st/stm32cubeide_1.4.0/stm32cubeide/plugins/com.st.stm32cube.ide.mcu.externaltools.gnu-tools-for-stm32.9-2020-q2-update.win32_1.5.0.202011040924/tools/bin/../lib/gcc/arm-none-eabi/9.3.1/thumb/v7e-m+fp/hard/crtbegin.o

.preinit_array  0x0000000008004eac        0x0
                0x0000000008004eac                . = ALIGN (0x4)
                0x0000000008004eac                PROVIDE (__preinit_array_start = .)
 *(.preinit_array*)
                0x0000000008004eac                PROVIDE (__preinit_array_end = .)
                0x0000000008004eac                . = ALIGN (0x4)

.init_array     0x0000000008004eac        0x4
                0x0000000008004eac                . = ALIGN (0x4)
                0x0000000008004eac                PROVIDE (__init_array_start = .)
 *(SORT_BY_NAME(.init_array.*))
 *(.init_array*)
 .init_array    0x0000000008004eac        0x4 c:/st/stm32cubeide_1.4.0/stm32cubeide/plugins/com.st.stm32cube.ide.mcu.externaltools.gnu-tools-for-stm32.9-2020-q2-update.win32_1.5.0.202011040924/tools/bin/../lib/gcc/arm-none-eabi/9.3.1/thumb/v7e-m+fp/hard/crtbegin.o
                0x0000000008004eb0                PROVIDE (__init_array_end = .)
                0x0000000008004eb0                . = ALIGN (0x4)

.fini_array     0x0000000008004eb0        0x4
                0x0000000008004eb0                . = ALIGN (0x4)
                [!provide]                        PROVIDE (__fini_array_start = .)
 *(SORT_BY_NAME(.fini_array.*))
 *(.fini_array*)
 .fini_array    0x0000000008004eb0        0x4 c:/st/stm32cubeide_1.4.0/stm32cubeide/plugins/com.st.stm32cube.ide.mcu.externaltools.gnu-tools-for-stm32.9-2020-q2-update.win32_1.5.0.202011040924/tools/bin/../lib/gcc/arm-none-eabi/9.3.1/thumb/v7e-m+fp/hard/crtbegin.o
                [!provide]                        PROVIDE (__fini_array_end = .)
                0x0000000008004eb4                . = ALIGN (0x4)
                0x0000000008004eb4                _sidata = LOADADDR (.data)

.data           0x0000000020000000       0x14 load address 0x0000000008004eb4
                0x0000000020000000                . = ALIGN (0x4)
                0x0000000020000000                _sdata = .
 *(.data)
 *(.data*)
 .data.table_of_ms_time_to_count_in_process
                0x0000000020000000        0x8 Core/Src/bldc_motor.o
                0x0000000020000000                table_of_ms_time_to_count_in_process
 .data.SystemCoreClock
                0x0000000020000008        0x4 Core/Src/system_stm32f4xx.o
                0x0000000020000008                SystemCoreClock
 .data.uwTickPrio
                0x000000002000000c        0x4 Drivers/STM32F4xx_HAL_Driver/Src/stm32f4xx_hal.o
                0x000000002000000c                uwTickPrio
 .data.uwTickFreq
                0x0000000020000010        0x1 Drivers/STM32F4xx_HAL_Driver/Src/stm32f4xx_hal.o
                0x0000000020000010                uwTickFreq
 *(.RamFunc)
 *(.RamFunc*)
                0x0000000020000014                . = ALIGN (0x4)
 *fill*         0x0000000020000011        0x3 
                0x0000000020000014                _edata = .

.igot.plt       0x0000000020000014        0x0 load address 0x0000000008004ec8
 .igot.plt      0x0000000020000014        0x0 c:/st/stm32cubeide_1.4.0/stm32cubeide/plugins/com.st.stm32cube.ide.mcu.externaltools.gnu-tools-for-stm32.9-2020-q2-update.win32_1.5.0.202011040924/tools/bin/../lib/gcc/arm-none-eabi/9.3.1/thumb/v7e-m+fp/hard/crtbegin.o
                0x0000000020000014                . = ALIGN (0x4)

.bss            0x0000000020000014      0x1f0 load address 0x0000000008004ec8
                0x0000000020000014                _sbss = .
                0x0000000020000014                __bss_start__ = _sbss
 *(.bss)
 .bss           0x0000000020000014       0x1c c:/st/stm32cubeide_1.4.0/stm32cubeide/plugins/com.st.stm32cube.ide.mcu.externaltools.gnu-tools-for-stm32.9-2020-q2-update.win32_1.5.0.202011040924/tools/bin/../lib/gcc/arm-none-eabi/9.3.1/thumb/v7e-m+fp/hard/crtbegin.o
 *(.bss*)
 .bss.time_counter
                0x0000000020000030        0x4 Core/Src/bldc_motor.o
                0x0000000020000030                time_counter
 .bss.time_to_count
                0x0000000020000034        0x4 Core/Src/bldc_motor.o
                0x0000000020000034                time_to_count
 .bss.time.8232
                0x0000000020000038        0x4 Core/Src/bldc_motor.o
 *(COMMON)
 COMMON         0x000000002000003c       0xa8 Core/Src/adc.o
                0x000000002000003c                hadc1
                0x0000000020000084                hdma_adc1
 COMMON         0x00000000200000e4       0x5c Core/Src/bldc_motor.o
                0x00000000200000e4                bldc
 COMMON         0x0000000020000140       0x80 Core/Src/tim.o
                0x0000000020000140                htim3
                0x0000000020000180                htim1
 COMMON         0x00000000200001c0       0x40 Core/Src/usart.o
                0x00000000200001c0                huart2
 COMMON         0x0000000020000200        0x4 Drivers/STM32F4xx_HAL_Driver/Src/stm32f4xx_hal.o
                0x0000000020000200                uwTick
                0x0000000020000204                . = ALIGN (0x4)
                0x0000000020000204                _ebss = .
                0x0000000020000204                __bss_end__ = _ebss

._user_heap_stack
                0x0000000020000204      0x604 load address 0x0000000008004ec8
                0x0000000020000208                . = ALIGN (0x8)
 *fill*         0x0000000020000204        0x4 
                [!provide]                        PROVIDE (end = .)
                0x0000000020000208                PROVIDE (_end = .)
                0x0000000020000408                . = (. + _Min_Heap_Size)
 *fill*         0x0000000020000208      0x200 
                0x0000000020000808                . = (. + _Min_Stack_Size)
 *fill*         0x0000000020000408      0x400 
                0x0000000020000808                . = ALIGN (0x8)

/DISCARD/
 libc.a(*)
 libm.a(*)
 libgcc.a(*)

.ARM.attributes
                0x0000000000000000       0x30
 *(.ARM.attributes)
 .ARM.attributes
                0x0000000000000000       0x1e c:/st/stm32cubeide_1.4.0/stm32cubeide/plugins/com.st.stm32cube.ide.mcu.externaltools.gnu-tools-for-stm32.9-2020-q2-update.win32_1.5.0.202011040924/tools/bin/../lib/gcc/arm-none-eabi/9.3.1/thumb/v7e-m+fp/hard/crti.o
 .ARM.attributes
                0x000000000000001e       0x34 c:/st/stm32cubeide_1.4.0/stm32cubeide/plugins/com.st.stm32cube.ide.mcu.externaltools.gnu-tools-for-stm32.9-2020-q2-update.win32_1.5.0.202011040924/tools/bin/../lib/gcc/arm-none-eabi/9.3.1/thumb/v7e-m+fp/hard/crtbegin.o
 .ARM.attributes
                0x0000000000000052       0x34 Core/Src/adc.o
 .ARM.attributes
                0x0000000000000086       0x34 Core/Src/bldc_motor.o
 .ARM.attributes
                0x00000000000000ba       0x34 Core/Src/dma.o
 .ARM.attributes
                0x00000000000000ee       0x34 Core/Src/gpio.o
 .ARM.attributes
                0x0000000000000122       0x34 Core/Src/main.o
 .ARM.attributes
                0x0000000000000156       0x34 Core/Src/pid_controller.o
 .ARM.attributes
                0x000000000000018a       0x34 Core/Src/stm32f4xx_hal_msp.o
 .ARM.attributes
                0x00000000000001be       0x34 Core/Src/stm32f4xx_it.o
 .ARM.attributes
                0x00000000000001f2       0x34 Core/Src/system_stm32f4xx.o
 .ARM.attributes
                0x0000000000000226       0x34 Core/Src/tim.o
 .ARM.attributes
                0x000000000000025a       0x34 Core/Src/usart.o
 .ARM.attributes
                0x000000000000028e       0x21 Core/Startup/startup_stm32f401retx.o
 .ARM.attributes
                0x00000000000002af       0x34 Drivers/STM32F4xx_HAL_Driver/Src/stm32f4xx_hal.o
 .ARM.attributes
                0x00000000000002e3       0x34 Drivers/STM32F4xx_HAL_Driver/Src/stm32f4xx_hal_adc.o
 .ARM.attributes
                0x0000000000000317       0x34 Drivers/STM32F4xx_HAL_Driver/Src/stm32f4xx_hal_cortex.o
 .ARM.attributes
                0x000000000000034b       0x34 Drivers/STM32F4xx_HAL_Driver/Src/stm32f4xx_hal_dma.o
 .ARM.attributes
                0x000000000000037f       0x34 Drivers/STM32F4xx_HAL_Driver/Src/stm32f4xx_hal_gpio.o
 .ARM.attributes
                0x00000000000003b3       0x34 Drivers/STM32F4xx_HAL_Driver/Src/stm32f4xx_hal_rcc.o
 .ARM.attributes
                0x00000000000003e7       0x34 Drivers/STM32F4xx_HAL_Driver/Src/stm32f4xx_hal_tim.o
 .ARM.attributes
                0x000000000000041b       0x34 Drivers/STM32F4xx_HAL_Driver/Src/stm32f4xx_hal_tim_ex.o
 .ARM.attributes
                0x000000000000044f       0x34 Drivers/STM32F4xx_HAL_Driver/Src/stm32f4xx_hal_uart.o
 .ARM.attributes
                0x0000000000000483       0x34 c:/st/stm32cubeide_1.4.0/stm32cubeide/plugins/com.st.stm32cube.ide.mcu.externaltools.gnu-tools-for-stm32.9-2020-q2-update.win32_1.5.0.202011040924/tools/bin/../lib/gcc/arm-none-eabi/9.3.1/../../../../arm-none-eabi/lib/thumb/v7e-m+fp/hard\libc_nano.a(lib_a-init.o)
 .ARM.attributes
                0x00000000000004b7       0x34 c:/st/stm32cubeide_1.4.0/stm32cubeide/plugins/com.st.stm32cube.ide.mcu.externaltools.gnu-tools-for-stm32.9-2020-q2-update.win32_1.5.0.202011040924/tools/bin/../lib/gcc/arm-none-eabi/9.3.1/../../../../arm-none-eabi/lib/thumb/v7e-m+fp/hard\libc_nano.a(lib_a-memset.o)
 .ARM.attributes
                0x00000000000004eb       0x1e c:/st/stm32cubeide_1.4.0/stm32cubeide/plugins/com.st.stm32cube.ide.mcu.externaltools.gnu-tools-for-stm32.9-2020-q2-update.win32_1.5.0.202011040924/tools/bin/../lib/gcc/arm-none-eabi/9.3.1/thumb/v7e-m+fp/hard\libgcc.a(_aeabi_uldivmod.o)
 .ARM.attributes
                0x0000000000000509       0x34 c:/st/stm32cubeide_1.4.0/stm32cubeide/plugins/com.st.stm32cube.ide.mcu.externaltools.gnu-tools-for-stm32.9-2020-q2-update.win32_1.5.0.202011040924/tools/bin/../lib/gcc/arm-none-eabi/9.3.1/thumb/v7e-m+fp/hard\libgcc.a(_udivmoddi4.o)
 .ARM.attributes
                0x000000000000053d       0x1e c:/st/stm32cubeide_1.4.0/stm32cubeide/plugins/com.st.stm32cube.ide.mcu.externaltools.gnu-tools-for-stm32.9-2020-q2-update.win32_1.5.0.202011040924/tools/bin/../lib/gcc/arm-none-eabi/9.3.1/thumb/v7e-m+fp/hard\libgcc.a(_dvmd_tls.o)
 .ARM.attributes
                0x000000000000055b       0x1e c:/st/stm32cubeide_1.4.0/stm32cubeide/plugins/com.st.stm32cube.ide.mcu.externaltools.gnu-tools-for-stm32.9-2020-q2-update.win32_1.5.0.202011040924/tools/bin/../lib/gcc/arm-none-eabi/9.3.1/thumb/v7e-m+fp/hard/crtn.o
OUTPUT(BLDC_Motor_BEMF.elf elf32-littlearm)
LOAD linker stubs
LOAD c:/st/stm32cubeide_1.4.0/stm32cubeide/plugins/com.st.stm32cube.ide.mcu.externaltools.gnu-tools-for-stm32.9-2020-q2-update.win32_1.5.0.202011040924/tools/bin/../lib/gcc/arm-none-eabi/9.3.1/../../../../arm-none-eabi/lib/thumb/v7e-m+fp/hard\libc.a
LOAD c:/st/stm32cubeide_1.4.0/stm32cubeide/plugins/com.st.stm32cube.ide.mcu.externaltools.gnu-tools-for-stm32.9-2020-q2-update.win32_1.5.0.202011040924/tools/bin/../lib/gcc/arm-none-eabi/9.3.1/../../../../arm-none-eabi/lib/thumb/v7e-m+fp/hard\libm.a
LOAD c:/st/stm32cubeide_1.4.0/stm32cubeide/plugins/com.st.stm32cube.ide.mcu.externaltools.gnu-tools-for-stm32.9-2020-q2-update.win32_1.5.0.202011040924/tools/bin/../lib/gcc/arm-none-eabi/9.3.1/thumb/v7e-m+fp/hard\libgcc.a

.debug_info     0x0000000000000000     0xec62
 .debug_info    0x0000000000000000      0xb05 Core/Src/adc.o
 .debug_info    0x0000000000000b05      0xd2e Core/Src/bldc_motor.o
 .debug_info    0x0000000000001833      0x539 Core/Src/dma.o
 .debug_info    0x0000000000001d6c      0x545 Core/Src/gpio.o
 .debug_info    0x00000000000022b1     0x106a Core/Src/main.o
 .debug_info    0x000000000000331b      0x1a7 Core/Src/pid_controller.o
 .debug_info    0x00000000000034c2      0x3c7 Core/Src/stm32f4xx_hal_msp.o
 .debug_info    0x0000000000003889      0x789 Core/Src/stm32f4xx_it.o
 .debug_info    0x0000000000004012      0x5d0 Core/Src/system_stm32f4xx.o
 .debug_info    0x00000000000045e2      0xeb8 Core/Src/tim.o
 .debug_info    0x000000000000549a      0xa11 Core/Src/usart.o
 .debug_info    0x0000000000005eab       0x22 Core/Startup/startup_stm32f401retx.o
 .debug_info    0x0000000000005ecd      0x93d Drivers/STM32F4xx_HAL_Driver/Src/stm32f4xx_hal.o
 .debug_info    0x000000000000680a      0xdb4 Drivers/STM32F4xx_HAL_Driver/Src/stm32f4xx_hal_adc.o
 .debug_info    0x00000000000075be      0xe41 Drivers/STM32F4xx_HAL_Driver/Src/stm32f4xx_hal_cortex.o
 .debug_info    0x00000000000083ff      0x9e9 Drivers/STM32F4xx_HAL_Driver/Src/stm32f4xx_hal_dma.o
 .debug_info    0x0000000000008de8      0x852 Drivers/STM32F4xx_HAL_Driver/Src/stm32f4xx_hal_gpio.o
 .debug_info    0x000000000000963a      0x9bd Drivers/STM32F4xx_HAL_Driver/Src/stm32f4xx_hal_rcc.o
 .debug_info    0x0000000000009ff7     0x26c5 Drivers/STM32F4xx_HAL_Driver/Src/stm32f4xx_hal_tim.o
 .debug_info    0x000000000000c6bc     0x1257 Drivers/STM32F4xx_HAL_Driver/Src/stm32f4xx_hal_tim_ex.o
 .debug_info    0x000000000000d913     0x134f Drivers/STM32F4xx_HAL_Driver/Src/stm32f4xx_hal_uart.o

.debug_abbrev   0x0000000000000000     0x265a
 .debug_abbrev  0x0000000000000000      0x1ce Core/Src/adc.o
 .debug_abbrev  0x00000000000001ce      0x25e Core/Src/bldc_motor.o
 .debug_abbrev  0x000000000000042c      0x11b Core/Src/dma.o
 .debug_abbrev  0x0000000000000547      0x14e Core/Src/gpio.o
 .debug_abbrev  0x0000000000000695      0x21b Core/Src/main.o
 .debug_abbrev  0x00000000000008b0       0xec Core/Src/pid_controller.o
 .debug_abbrev  0x000000000000099c      0x11d Core/Src/stm32f4xx_hal_msp.o
 .debug_abbrev  0x0000000000000ab9      0x187 Core/Src/stm32f4xx_it.o
 .debug_abbrev  0x0000000000000c40      0x145 Core/Src/system_stm32f4xx.o
 .debug_abbrev  0x0000000000000d85      0x1f3 Core/Src/tim.o
 .debug_abbrev  0x0000000000000f78      0x1bb Core/Src/usart.o
 .debug_abbrev  0x0000000000001133       0x12 Core/Startup/startup_stm32f401retx.o
 .debug_abbrev  0x0000000000001145      0x21e Drivers/STM32F4xx_HAL_Driver/Src/stm32f4xx_hal.o
 .debug_abbrev  0x0000000000001363      0x1ef Drivers/STM32F4xx_HAL_Driver/Src/stm32f4xx_hal_adc.o
 .debug_abbrev  0x0000000000001552      0x33c Drivers/STM32F4xx_HAL_Driver/Src/stm32f4xx_hal_cortex.o
 .debug_abbrev  0x000000000000188e      0x219 Drivers/STM32F4xx_HAL_Driver/Src/stm32f4xx_hal_dma.o
 .debug_abbrev  0x0000000000001aa7      0x1f1 Drivers/STM32F4xx_HAL_Driver/Src/stm32f4xx_hal_gpio.o
 .debug_abbrev  0x0000000000001c98      0x275 Drivers/STM32F4xx_HAL_Driver/Src/stm32f4xx_hal_rcc.o
 .debug_abbrev  0x0000000000001f0d      0x26f Drivers/STM32F4xx_HAL_Driver/Src/stm32f4xx_hal_tim.o
 .debug_abbrev  0x000000000000217c      0x25d Drivers/STM32F4xx_HAL_Driver/Src/stm32f4xx_hal_tim_ex.o
 .debug_abbrev  0x00000000000023d9      0x281 Drivers/STM32F4xx_HAL_Driver/Src/stm32f4xx_hal_uart.o

.debug_aranges  0x0000000000000000      0xdf0
 .debug_aranges
                0x0000000000000000       0x30 Core/Src/adc.o
 .debug_aranges
                0x0000000000000030       0x78 Core/Src/bldc_motor.o
 .debug_aranges
                0x00000000000000a8       0x20 Core/Src/dma.o
 .debug_aranges
                0x00000000000000c8       0x20 Core/Src/gpio.o
 .debug_aranges
                0x00000000000000e8       0x48 Core/Src/main.o
 .debug_aranges
                0x0000000000000130       0x30 Core/Src/pid_controller.o
 .debug_aranges
                0x0000000000000160       0x20 Core/Src/stm32f4xx_hal_msp.o
 .debug_aranges
                0x0000000000000180       0x78 Core/Src/stm32f4xx_it.o
 .debug_aranges
                0x00000000000001f8       0x28 Core/Src/system_stm32f4xx.o
 .debug_aranges
                0x0000000000000220       0x50 Core/Src/tim.o
 .debug_aranges
                0x0000000000000270       0x30 Core/Src/usart.o
 .debug_aranges
                0x00000000000002a0       0x28 Core/Startup/startup_stm32f401retx.o
 .debug_aranges
                0x00000000000002c8       0xf0 Drivers/STM32F4xx_HAL_Driver/Src/stm32f4xx_hal.o
 .debug_aranges
                0x00000000000003b8       0xe8 Drivers/STM32F4xx_HAL_Driver/Src/stm32f4xx_hal_adc.o
 .debug_aranges
                0x00000000000004a0      0x118 Drivers/STM32F4xx_HAL_Driver/Src/stm32f4xx_hal_cortex.o
 .debug_aranges
                0x00000000000005b8       0x90 Drivers/STM32F4xx_HAL_Driver/Src/stm32f4xx_hal_dma.o
 .debug_aranges
                0x0000000000000648       0x58 Drivers/STM32F4xx_HAL_Driver/Src/stm32f4xx_hal_gpio.o
 .debug_aranges
                0x00000000000006a0       0x88 Drivers/STM32F4xx_HAL_Driver/Src/stm32f4xx_hal_rcc.o
 .debug_aranges
                0x0000000000000728      0x3a8 Drivers/STM32F4xx_HAL_Driver/Src/stm32f4xx_hal_tim.o
 .debug_aranges
                0x0000000000000ad0      0x150 Drivers/STM32F4xx_HAL_Driver/Src/stm32f4xx_hal_tim_ex.o
 .debug_aranges
                0x0000000000000c20      0x1d0 Drivers/STM32F4xx_HAL_Driver/Src/stm32f4xx_hal_uart.o

.debug_ranges   0x0000000000000000      0xca8
 .debug_ranges  0x0000000000000000       0x20 Core/Src/adc.o
 .debug_ranges  0x0000000000000020       0x68 Core/Src/bldc_motor.o
 .debug_ranges  0x0000000000000088       0x10 Core/Src/dma.o
 .debug_ranges  0x0000000000000098       0x10 Core/Src/gpio.o
 .debug_ranges  0x00000000000000a8       0x38 Core/Src/main.o
 .debug_ranges  0x00000000000000e0       0x20 Core/Src/pid_controller.o
 .debug_ranges  0x0000000000000100       0x10 Core/Src/stm32f4xx_hal_msp.o
 .debug_ranges  0x0000000000000110       0x68 Core/Src/stm32f4xx_it.o
 .debug_ranges  0x0000000000000178       0x18 Core/Src/system_stm32f4xx.o
 .debug_ranges  0x0000000000000190       0x40 Core/Src/tim.o
 .debug_ranges  0x00000000000001d0       0x20 Core/Src/usart.o
 .debug_ranges  0x00000000000001f0       0x20 Core/Startup/startup_stm32f401retx.o
 .debug_ranges  0x0000000000000210       0xe0 Drivers/STM32F4xx_HAL_Driver/Src/stm32f4xx_hal.o
 .debug_ranges  0x00000000000002f0       0xd8 Drivers/STM32F4xx_HAL_Driver/Src/stm32f4xx_hal_adc.o
 .debug_ranges  0x00000000000003c8      0x108 Drivers/STM32F4xx_HAL_Driver/Src/stm32f4xx_hal_cortex.o
 .debug_ranges  0x00000000000004d0       0x80 Drivers/STM32F4xx_HAL_Driver/Src/stm32f4xx_hal_dma.o
 .debug_ranges  0x0000000000000550       0x48 Drivers/STM32F4xx_HAL_Driver/Src/stm32f4xx_hal_gpio.o
 .debug_ranges  0x0000000000000598       0x78 Drivers/STM32F4xx_HAL_Driver/Src/stm32f4xx_hal_rcc.o
 .debug_ranges  0x0000000000000610      0x398 Drivers/STM32F4xx_HAL_Driver/Src/stm32f4xx_hal_tim.o
 .debug_ranges  0x00000000000009a8      0x140 Drivers/STM32F4xx_HAL_Driver/Src/stm32f4xx_hal_tim_ex.o
 .debug_ranges  0x0000000000000ae8      0x1c0 Drivers/STM32F4xx_HAL_Driver/Src/stm32f4xx_hal_uart.o

.debug_macro    0x0000000000000000    0x16bdf
 .debug_macro   0x0000000000000000      0x214 Core/Src/adc.o
 .debug_macro   0x0000000000000214      0xaa8 Core/Src/adc.o
 .debug_macro   0x0000000000000cbc      0x29a Core/Src/adc.o
 .debug_macro   0x0000000000000f56       0x2e Core/Src/adc.o
 .debug_macro   0x0000000000000f84       0x28 Core/Src/adc.o
 .debug_macro   0x0000000000000fac       0x22 Core/Src/adc.o
 .debug_macro   0x0000000000000fce       0x8e Core/Src/adc.o
 .debug_macro   0x000000000000105c       0x51 Core/Src/adc.o
 .debug_macro   0x00000000000010ad      0x103 Core/Src/adc.o
 .debug_macro   0x00000000000011b0       0x6a Core/Src/adc.o
 .debug_macro   0x000000000000121a      0x1df Core/Src/adc.o
 .debug_macro   0x00000000000013f9       0x1c Core/Src/adc.o
 .debug_macro   0x0000000000001415       0x22 Core/Src/adc.o
 .debug_macro   0x0000000000001437       0xdf Core/Src/adc.o
 .debug_macro   0x0000000000001516     0x102d Core/Src/adc.o
 .debug_macro   0x0000000000002543      0x11f Core/Src/adc.o
 .debug_macro   0x0000000000002662     0xb850 Core/Src/adc.o
 .debug_macro   0x000000000000deb2       0x43 Core/Src/adc.o
 .debug_macro   0x000000000000def5     0x3659 Core/Src/adc.o
 .debug_macro   0x000000000001154e      0x174 Core/Src/adc.o
 .debug_macro   0x00000000000116c2       0x5a Core/Src/adc.o
 .debug_macro   0x000000000001171c      0x416 Core/Src/adc.o
 .debug_macro   0x0000000000011b32      0x9fe Core/Src/adc.o
 .debug_macro   0x0000000000012530      0x117 Core/Src/adc.o
 .debug_macro   0x0000000000012647       0xf8 Core/Src/adc.o
 .debug_macro   0x000000000001273f       0x27 Core/Src/adc.o
 .debug_macro   0x0000000000012766      0x15f Core/Src/adc.o
 .debug_macro   0x00000000000128c5      0x287 Core/Src/adc.o
 .debug_macro   0x0000000000012b4c       0x5f Core/Src/adc.o
 .debug_macro   0x0000000000012bab      0x236 Core/Src/adc.o
 .debug_macro   0x0000000000012de1      0x391 Core/Src/adc.o
 .debug_macro   0x0000000000013172      0x176 Core/Src/adc.o
 .debug_macro   0x00000000000132e8       0xf9 Core/Src/adc.o
 .debug_macro   0x00000000000133e1      0x132 Core/Src/adc.o
 .debug_macro   0x0000000000013513      0x264 Core/Src/adc.o
 .debug_macro   0x0000000000013777       0x2e Core/Src/adc.o
 .debug_macro   0x00000000000137a5      0x11a Core/Src/adc.o
 .debug_macro   0x00000000000138bf       0x85 Core/Src/adc.o
 .debug_macro   0x0000000000013944       0x89 Core/Src/adc.o
 .debug_macro   0x00000000000139cd      0x8a0 Core/Src/adc.o
 .debug_macro   0x000000000001426d       0x47 Core/Src/adc.o
 .debug_macro   0x00000000000142b4      0x287 Core/Src/adc.o
 .debug_macro   0x000000000001453b      0x126 Core/Src/adc.o
 .debug_macro   0x0000000000014661       0x94 Core/Src/adc.o
 .debug_macro   0x00000000000146f5      0x252 Core/Src/bldc_motor.o
 .debug_macro   0x0000000000014947      0x214 Core/Src/dma.o
 .debug_macro   0x0000000000014b5b      0x214 Core/Src/gpio.o
 .debug_macro   0x0000000000014d6f      0x240 Core/Src/main.o
 .debug_macro   0x0000000000014faf       0x1b Core/Src/pid_controller.o
 .debug_macro   0x0000000000014fca      0x20a Core/Src/stm32f4xx_hal_msp.o
 .debug_macro   0x00000000000151d4      0x214 Core/Src/stm32f4xx_it.o
 .debug_macro   0x00000000000153e8      0x1ed Core/Src/system_stm32f4xx.o
 .debug_macro   0x00000000000155d5      0x214 Core/Src/tim.o
 .debug_macro   0x00000000000157e9      0x214 Core/Src/usart.o
 .debug_macro   0x00000000000159fd      0x247 Drivers/STM32F4xx_HAL_Driver/Src/stm32f4xx_hal.o
 .debug_macro   0x0000000000015c44      0x1e8 Drivers/STM32F4xx_HAL_Driver/Src/stm32f4xx_hal_adc.o
 .debug_macro   0x0000000000015e2c      0x1e7 Drivers/STM32F4xx_HAL_Driver/Src/stm32f4xx_hal_cortex.o
 .debug_macro   0x0000000000016013      0x1ed Drivers/STM32F4xx_HAL_Driver/Src/stm32f4xx_hal_dma.o
 .debug_macro   0x0000000000016200      0x21d Drivers/STM32F4xx_HAL_Driver/Src/stm32f4xx_hal_gpio.o
 .debug_macro   0x000000000001641d      0x20b Drivers/STM32F4xx_HAL_Driver/Src/stm32f4xx_hal_rcc.o
 .debug_macro   0x0000000000016628      0x1e8 Drivers/STM32F4xx_HAL_Driver/Src/stm32f4xx_hal_tim.o
 .debug_macro   0x0000000000016810      0x1e7 Drivers/STM32F4xx_HAL_Driver/Src/stm32f4xx_hal_tim_ex.o
 .debug_macro   0x00000000000169f7      0x1e8 Drivers/STM32F4xx_HAL_Driver/Src/stm32f4xx_hal_uart.o

.debug_line     0x0000000000000000     0xf2c8
 .debug_line    0x0000000000000000      0x7f8 Core/Src/adc.o
 .debug_line    0x00000000000007f8      0xa67 Core/Src/bldc_motor.o
 .debug_line    0x000000000000125f      0x717 Core/Src/dma.o
 .debug_line    0x0000000000001976      0x751 Core/Src/gpio.o
 .debug_line    0x00000000000020c7      0x81f Core/Src/main.o
 .debug_line    0x00000000000028e6      0x11b Core/Src/pid_controller.o
 .debug_line    0x0000000000002a01      0x71d Core/Src/stm32f4xx_hal_msp.o
 .debug_line    0x000000000000311e      0x826 Core/Src/stm32f4xx_it.o
 .debug_line    0x0000000000003944      0x77f Core/Src/system_stm32f4xx.o
 .debug_line    0x00000000000040c3      0x8a0 Core/Src/tim.o
 .debug_line    0x0000000000004963      0x783 Core/Src/usart.o
 .debug_line    0x00000000000050e6       0x85 Core/Startup/startup_stm32f401retx.o
 .debug_line    0x000000000000516b      0x9df Drivers/STM32F4xx_HAL_Driver/Src/stm32f4xx_hal.o
 .debug_line    0x0000000000005b4a     0x116d Drivers/STM32F4xx_HAL_Driver/Src/stm32f4xx_hal_adc.o
 .debug_line    0x0000000000006cb7      0xc8e Drivers/STM32F4xx_HAL_Driver/Src/stm32f4xx_hal_cortex.o
 .debug_line    0x0000000000007945      0xf48 Drivers/STM32F4xx_HAL_Driver/Src/stm32f4xx_hal_dma.o
 .debug_line    0x000000000000888d      0xb2b Drivers/STM32F4xx_HAL_Driver/Src/stm32f4xx_hal_gpio.o
 .debug_line    0x00000000000093b8      0xd44 Drivers/STM32F4xx_HAL_Driver/Src/stm32f4xx_hal_rcc.o
 .debug_line    0x000000000000a0fc     0x2810 Drivers/STM32F4xx_HAL_Driver/Src/stm32f4xx_hal_tim.o
 .debug_line    0x000000000000c90c     0x11c5 Drivers/STM32F4xx_HAL_Driver/Src/stm32f4xx_hal_tim_ex.o
 .debug_line    0x000000000000dad1     0x17f7 Drivers/STM32F4xx_HAL_Driver/Src/stm32f4xx_hal_uart.o

.debug_str      0x0000000000000000    0x8d126
 .debug_str     0x0000000000000000    0x8969e Core/Src/adc.o
                                      0x89992 (size before relaxing)
 .debug_str     0x000000000008969e      0x55e Core/Src/bldc_motor.o
                                      0x89d27 (size before relaxing)
 .debug_str     0x0000000000089bfc      0x3ab Core/Src/dma.o
                                      0x89835 (size before relaxing)
 .debug_str     0x0000000000089fa7       0x48 Core/Src/gpio.o
                                      0x89549 (size before relaxing)
 .debug_str     0x0000000000089fef      0x365 Core/Src/main.o
                                      0x89e29 (size before relaxing)
 .debug_str     0x000000000008a354       0x97 Core/Src/pid_controller.o
                                       0x2e90 (size before relaxing)
 .debug_str     0x000000000008a3eb       0x2c Core/Src/stm32f4xx_hal_msp.o
                                      0x894ac (size before relaxing)
 .debug_str     0x000000000008a417      0x10c Core/Src/stm32f4xx_it.o
                                      0x898a6 (size before relaxing)
 .debug_str     0x000000000008a523       0xc4 Core/Src/system_stm32f4xx.o
                                      0x892fa (size before relaxing)
 .debug_str     0x000000000008a5e7      0x1df Core/Src/tim.o
                                      0x89f4c (size before relaxing)
 .debug_str     0x000000000008a7c6       0x57 Core/Src/usart.o
                                      0x89989 (size before relaxing)
 .debug_str     0x000000000008a81d       0x65 Core/Startup/startup_stm32f401retx.o
 .debug_str     0x000000000008a882      0x58d Drivers/STM32F4xx_HAL_Driver/Src/stm32f4xx_hal.o
                                      0x89c65 (size before relaxing)
 .debug_str     0x000000000008ae0f      0x27c Drivers/STM32F4xx_HAL_Driver/Src/stm32f4xx_hal_adc.o
                                      0x8987f (size before relaxing)
 .debug_str     0x000000000008b08b      0x392 Drivers/STM32F4xx_HAL_Driver/Src/stm32f4xx_hal_cortex.o
                                      0x89a42 (size before relaxing)
 .debug_str     0x000000000008b41d      0x31d Drivers/STM32F4xx_HAL_Driver/Src/stm32f4xx_hal_dma.o
                                      0x896fd (size before relaxing)
 .debug_str     0x000000000008b73a      0x20c Drivers/STM32F4xx_HAL_Driver/Src/stm32f4xx_hal_gpio.o
                                      0x89539 (size before relaxing)
 .debug_str     0x000000000008b946      0x259 Drivers/STM32F4xx_HAL_Driver/Src/stm32f4xx_hal_rcc.o
                                      0x896e7 (size before relaxing)
 .debug_str     0x000000000008bb9f      0xc5d Drivers/STM32F4xx_HAL_Driver/Src/stm32f4xx_hal_tim.o
                                      0x8a3f4 (size before relaxing)
 .debug_str     0x000000000008c7fc      0x40e Drivers/STM32F4xx_HAL_Driver/Src/stm32f4xx_hal_tim_ex.o
                                      0x89bf4 (size before relaxing)
 .debug_str     0x000000000008cc0a      0x51c Drivers/STM32F4xx_HAL_Driver/Src/stm32f4xx_hal_uart.o
                                      0x89b34 (size before relaxing)

.comment        0x0000000000000000       0x53
 .comment       0x0000000000000000       0x53 Core/Src/adc.o
                                         0x54 (size before relaxing)
 .comment       0x0000000000000053       0x54 Core/Src/bldc_motor.o
 .comment       0x0000000000000053       0x54 Core/Src/dma.o
 .comment       0x0000000000000053       0x54 Core/Src/gpio.o
 .comment       0x0000000000000053       0x54 Core/Src/main.o
 .comment       0x0000000000000053       0x54 Core/Src/pid_controller.o
 .comment       0x0000000000000053       0x54 Core/Src/stm32f4xx_hal_msp.o
 .comment       0x0000000000000053       0x54 Core/Src/stm32f4xx_it.o
 .comment       0x0000000000000053       0x54 Core/Src/system_stm32f4xx.o
 .comment       0x0000000000000053       0x54 Core/Src/tim.o
 .comment       0x0000000000000053       0x54 Core/Src/usart.o
 .comment       0x0000000000000053       0x54 Drivers/STM32F4xx_HAL_Driver/Src/stm32f4xx_hal.o
 .comment       0x0000000000000053       0x54 Drivers/STM32F4xx_HAL_Driver/Src/stm32f4xx_hal_adc.o
 .comment       0x0000000000000053       0x54 Drivers/STM32F4xx_HAL_Driver/Src/stm32f4xx_hal_cortex.o
 .comment       0x0000000000000053       0x54 Drivers/STM32F4xx_HAL_Driver/Src/stm32f4xx_hal_dma.o
 .comment       0x0000000000000053       0x54 Drivers/STM32F4xx_HAL_Driver/Src/stm32f4xx_hal_gpio.o
 .comment       0x0000000000000053       0x54 Drivers/STM32F4xx_HAL_Driver/Src/stm32f4xx_hal_rcc.o
 .comment       0x0000000000000053       0x54 Drivers/STM32F4xx_HAL_Driver/Src/stm32f4xx_hal_tim.o
 .comment       0x0000000000000053       0x54 Drivers/STM32F4xx_HAL_Driver/Src/stm32f4xx_hal_tim_ex.o
 .comment       0x0000000000000053       0x54 Drivers/STM32F4xx_HAL_Driver/Src/stm32f4xx_hal_uart.o

.debug_frame    0x0000000000000000     0x3878
 .debug_frame   0x0000000000000000       0x7c Core/Src/adc.o
 .debug_frame   0x000000000000007c      0x19c Core/Src/bldc_motor.o
 .debug_frame   0x0000000000000218       0x34 Core/Src/dma.o
 .debug_frame   0x000000000000024c       0x34 Core/Src/gpio.o
 .debug_frame   0x0000000000000280       0xd8 Core/Src/main.o
 .debug_frame   0x0000000000000358       0x88 Core/Src/pid_controller.o
 .debug_frame   0x00000000000003e0       0x34 Core/Src/stm32f4xx_hal_msp.o
 .debug_frame   0x0000000000000414      0x158 Core/Src/stm32f4xx_it.o
 .debug_frame   0x000000000000056c       0x58 Core/Src/system_stm32f4xx.o
 .debug_frame   0x00000000000005c4      0x114 Core/Src/tim.o
 .debug_frame   0x00000000000006d8       0x74 Core/Src/usart.o
 .debug_frame   0x000000000000074c      0x374 Drivers/STM32F4xx_HAL_Driver/Src/stm32f4xx_hal.o
 .debug_frame   0x0000000000000ac0      0x3fc Drivers/STM32F4xx_HAL_Driver/Src/stm32f4xx_hal_adc.o
 .debug_frame   0x0000000000000ebc      0x498 Drivers/STM32F4xx_HAL_Driver/Src/stm32f4xx_hal_cortex.o
 .debug_frame   0x0000000000001354      0x250 Drivers/STM32F4xx_HAL_Driver/Src/stm32f4xx_hal_dma.o
 .debug_frame   0x00000000000015a4      0x14c Drivers/STM32F4xx_HAL_Driver/Src/stm32f4xx_hal_gpio.o
 .debug_frame   0x00000000000016f0      0x1f0 Drivers/STM32F4xx_HAL_Driver/Src/stm32f4xx_hal_rcc.o
 .debug_frame   0x00000000000018e0     0x10e8 Drivers/STM32F4xx_HAL_Driver/Src/stm32f4xx_hal_tim.o
 .debug_frame   0x00000000000029c8      0x5c0 Drivers/STM32F4xx_HAL_Driver/Src/stm32f4xx_hal_tim_ex.o
 .debug_frame   0x0000000000002f88      0x844 Drivers/STM32F4xx_HAL_Driver/Src/stm32f4xx_hal_uart.o
 .debug_frame   0x00000000000037cc       0x2c c:/st/stm32cubeide_1.4.0/stm32cubeide/plugins/com.st.stm32cube.ide.mcu.externaltools.gnu-tools-for-stm32.9-2020-q2-update.win32_1.5.0.202011040924/tools/bin/../lib/gcc/arm-none-eabi/9.3.1/../../../../arm-none-eabi/lib/thumb/v7e-m+fp/hard\libc_nano.a(lib_a-init.o)
 .debug_frame   0x00000000000037f8       0x20 c:/st/stm32cubeide_1.4.0/stm32cubeide/plugins/com.st.stm32cube.ide.mcu.externaltools.gnu-tools-for-stm32.9-2020-q2-update.win32_1.5.0.202011040924/tools/bin/../lib/gcc/arm-none-eabi/9.3.1/../../../../arm-none-eabi/lib/thumb/v7e-m+fp/hard\libc_nano.a(lib_a-memset.o)
 .debug_frame   0x0000000000003818       0x2c c:/st/stm32cubeide_1.4.0/stm32cubeide/plugins/com.st.stm32cube.ide.mcu.externaltools.gnu-tools-for-stm32.9-2020-q2-update.win32_1.5.0.202011040924/tools/bin/../lib/gcc/arm-none-eabi/9.3.1/thumb/v7e-m+fp/hard\libgcc.a(_aeabi_uldivmod.o)
 .debug_frame   0x0000000000003844       0x34 c:/st/stm32cubeide_1.4.0/stm32cubeide/plugins/com.st.stm32cube.ide.mcu.externaltools.gnu-tools-for-stm32.9-2020-q2-update.win32_1.5.0.202011040924/tools/bin/../lib/gcc/arm-none-eabi/9.3.1/thumb/v7e-m+fp/hard\libgcc.a(_udivmoddi4.o)
